優 C UPU: 公開されていないAPI[nablarch.test.tool.findbugs.data.methodcall.methods.UnpublishedMethods.unpublishedMethodVariableParams(java.lang.String[])]がnablarch.test.tool.findbugs.data.methodcall.Caller.testParam()にて使用されています。  該当箇所 Caller.java:[line 35]
優 C UPU: 公開されていないAPI[nablarch.test.tool.findbugs.data.methodcall.chain.MethodChain.testUnublishedChain()]がnablarch.test.tool.findbugs.data.methodcall.Caller.testChain()にて使用されています。  該当箇所 Caller.java:[line 41]
優 C UPU: 公開されていないAPI[nablarch.test.tool.findbugs.data.methodcall.methods.UnpublishedMethods.unpublishedMethodBooleanReturn()]がnablarch.test.tool.findbugs.data.methodcall.Caller.testIf()にて使用されています。  該当箇所 Caller.java:[line 53]
優 C UPU: 公開されていないAPI[nablarch.test.tool.findbugs.data.methodcall.methods.UnpublishedMethods.unpublishedMethodBooleanReturn()]がnablarch.test.tool.findbugs.data.methodcall.Caller.testIf()にて使用されています。  該当箇所 Caller.java:[line 54]
優 C UPU: 公開されていないAPI[nablarch.test.tool.findbugs.data.methodcall.methods.UnpublishedMethods.unpublishedMethodBooleanReturn()]がnablarch.test.tool.findbugs.data.methodcall.Caller.testIf()にて使用されています。  該当箇所 Caller.java:[line 55]
優 C UPU: 公開されていないAPI[nablarch.test.tool.findbugs.data.methodcall.methods.UnpublishedMethods.unpublishedMethodBooleanReturn()]がnablarch.test.tool.findbugs.data.methodcall.Caller.testIf()にて使用されています。  該当箇所 Caller.java:[line 56]
優 C UPU: 公開されていないAPI[nablarch.test.tool.findbugs.data.methodcall.methods.UnpublishedMethods.unpublishedMethodBooleanReturn()]がnablarch.test.tool.findbugs.data.methodcall.Caller.testFor()にて使用されています。  該当箇所 Caller.java:[line 67]
優 C UPU: 公開されていないAPI[nablarch.test.tool.findbugs.data.methodcall.methods.UnpublishedMethods.unpublishedMethodBooleanReturn()]がnablarch.test.tool.findbugs.data.methodcall.Caller.testFor()にて使用されています。  該当箇所 Caller.java:[line 66]
優 C UPU: 公開されていないAPI[nablarch.test.tool.findbugs.data.methodcall.methods.UnpublishedMethods.unpublishedMethodBooleanReturn()]がnablarch.test.tool.findbugs.data.methodcall.Caller.testWhile()にて使用されています。  該当箇所 Caller.java:[line 77]
優 C UPU: 公開されていないAPI[nablarch.test.tool.findbugs.data.methodcall.methods.UnpublishedMethods.unpublishedMethodBooleanReturn()]がnablarch.test.tool.findbugs.data.methodcall.Caller.testWhile()にて使用されています。  該当箇所 Caller.java:[line 76]
優 C UPU: 公開されていないAPI[nablarch.test.tool.findbugs.data.methodcall.methods.UnpublishedMethods.unpublishedMethodBooleanReturn()]がnablarch.test.tool.findbugs.data.methodcall.Caller.testDoWhile()にて使用されています。  該当箇所 Caller.java:[line 87]
優 C UPU: 公開されていないAPI[nablarch.test.tool.findbugs.data.methodcall.methods.UnpublishedMethods.unpublishedMethodBooleanReturn()]がnablarch.test.tool.findbugs.data.methodcall.Caller.testDoWhile()にて使用されています。  該当箇所 Caller.java:[line 88]
優 C UPU: 公開されていないAPI[nablarch.test.tool.findbugs.data.methodcall.methods.UnpublishedMethods.unpublishedMethodIntReturn()]がnablarch.test.tool.findbugs.data.methodcall.Caller.testSwitch()にて使用されています。  該当箇所 Caller.java:[line 102]
優 C UPU: 公開されていないAPI[nablarch.test.tool.findbugs.data.methodcall.methods.UnpublishedMethods.unpublishedMethodIntReturn()]がnablarch.test.tool.findbugs.data.methodcall.Caller.testSwitch()にて使用されています。  該当箇所 Caller.java:[line 104]
優 C UPU: 公開されていないAPI[nablarch.test.tool.findbugs.data.methodcall.methods.UnpublishedMethods.unpublishedMethodBooleanReturn()]がnablarch.test.tool.findbugs.data.methodcall.Caller.testTernaryOperator()にて使用されています。  該当箇所 Caller.java:[line 114]
優 C UPU: 公開されていないAPI[java.io.PrintStream.println(java.lang.String)]がnablarch.test.tool.findbugs.data.methodcall.Caller.testTernaryOperator()にて使用されています。  該当箇所 Caller.java:[line 117]
優 C UPU: 公開されていないAPI[java.io.PrintStream.println(java.lang.String)]がnablarch.test.tool.findbugs.data.methodcall.Caller.testTernaryOperator()にて使用されています。  該当箇所 Caller.java:[line 118]
優 C UPU: 公開されていないAPI[nablarch.test.tool.findbugs.data.methodcall.methods.UnpublishedMethods.unpublishedMethodIntReturn()]がnablarch.test.tool.findbugs.data.methodcall.Caller.testReturn()にて使用されています。  該当箇所 Caller.java:[line 125]
優 C UPU: 公開されていないAPI[nablarch.test.tool.findbugs.data.methodcall.methods.UnpublishedException.UnpublishedException()]がnablarch.test.tool.findbugs.data.methodcall.Caller.testCatchAndFinally()にて使用されています。  該当箇所 Caller.java:[line 134]
優 C UPU: 公開されていないAPI[nablarch.test.tool.findbugs.data.methodcall.methods.UnpublishedMethods.unpublishedMethodBooleanReturn()]がnablarch.test.tool.findbugs.data.methodcall.Caller.testCatchAndFinally()にて使用されています。  該当箇所 Caller.java:[line 142]
優 C UPU: 公開されていないAPI[nablarch.test.tool.findbugs.data.methodcall.methods.PublishedException]がnablarch.test.tool.findbugs.data.methodcall.Caller.testCatchAndFinally()にて使用されています。  該当箇所 Caller.java:[line 144]
優 C UPU: 公開されていないAPI[nablarch.test.tool.findbugs.data.methodcall.methods.UnpublishedException]がnablarch.test.tool.findbugs.data.methodcall.Caller.testCatchAndFinally()にて使用されています。  該当箇所 Caller.java:[line 144]
優 C UPU: 公開されていないAPI[nablarch.test.tool.findbugs.data.methodcall.inherit.method.ClassC.publishedUnpublishedOverriddenMethod()]がnablarch.test.tool.findbugs.data.methodcall.Caller.testInheritance()にて使用されています。  該当箇所 Caller.java:[line 153]
優 C UPU: 公開されていないAPI[nablarch.test.tool.findbugs.data.methodcall.inherit.method.ClassC.unpublishedUnpublishedOverriddenMethod()]がnablarch.test.tool.findbugs.data.methodcall.Caller.testInheritance()にて使用されています。  該当箇所 Caller.java:[line 156]
優 C UPU: 公開されていないAPI[nablarch.test.tool.findbugs.data.methodcall.inherit.method.ClassC.unpublishedMethodA()]がnablarch.test.tool.findbugs.data.methodcall.Caller.testInheritance()にて使用されています。  該当箇所 Caller.java:[line 159]
優 C UPU: 公開されていないAPI[nablarch.test.tool.findbugs.data.methodcall.inherit.clazz.SubOfUnpublishedClassA.SubOfUnpublishedClassA()]がnablarch.test.tool.findbugs.data.methodcall.Caller.testInheritance()にて使用されています。  該当箇所 Caller.java:[line 162]
優 C UPU: 公開されていないAPI[nablarch.test.tool.findbugs.data.methodcall.inherit.clazz.SubOfUnpublishedClassA.methodA()]がnablarch.test.tool.findbugs.data.methodcall.Caller.testInheritance()にて使用されています。  該当箇所 Caller.java:[line 163]
優 C UPU: 公開されていないAPI[nablarch.test.tool.findbugs.data.methodcall.inherit.clazz.SubOfPublishedClassA.SubOfPublishedClassA()]がnablarch.test.tool.findbugs.data.methodcall.Caller.testInheritance()にて使用されています。  該当箇所 Caller.java:[line 164]
優 C UPU: 公開されていないAPI[nablarch.test.tool.findbugs.data.methodcall.inherit.pack.SubOfUnpublishedPackClassA.SubOfUnpublishedPackClassA()]がnablarch.test.tool.findbugs.data.methodcall.Caller.testInheritance()にて使用されています。  該当箇所 Caller.java:[line 168]
優 C UPU: 公開されていないAPI[nablarch.test.tool.findbugs.data.methodcall.inherit.pack.SubOfUnpublishedPackClassA.methodA()]がnablarch.test.tool.findbugs.data.methodcall.Caller.testInheritance()にて使用されています。  該当箇所 Caller.java:[line 169]
優 C UPU: 公開されていないAPI[nablarch.test.tool.findbugs.data.methodcall.inherit.pack.SubOfPublishedPackClassA.SubOfPublishedPackClassA()]がnablarch.test.tool.findbugs.data.methodcall.Caller.testInheritance()にて使用されています。  該当箇所 Caller.java:[line 170]
優 C UPU: 公開されていないAPI[nablarch.test.tool.findbugs.data.methodcall.interfaze.method.InterfazeMethod.unpublishedInterfaceMethod()]がnablarch.test.tool.findbugs.data.methodcall.Caller.testInterface()にて使用されています。  該当箇所 Caller.java:[line 179]
優 C UPU: 公開されていないAPI[nablarch.test.tool.findbugs.data.methodcall.interfaze.clazz.UnpublishedInterfazeImple.UnpublishedInterfazeImple()]がnablarch.test.tool.findbugs.data.methodcall.Caller.testInterface()にて使用されています。  該当箇所 Caller.java:[line 184]
優 C UPU: 公開されていないAPI[nablarch.test.tool.findbugs.data.methodcall.interfaze.clazz.UnpublishedInterfaze.method()]がnablarch.test.tool.findbugs.data.methodcall.Caller.testInterface()にて使用されています。  該当箇所 Caller.java:[line 185]
優 C UPU: 公開されていないAPI[nablarch.test.tool.findbugs.data.methodcall.interfaze.pack.UnpublishedPackInterfazeImpl.UnpublishedPackInterfazeImpl()]がnablarch.test.tool.findbugs.data.methodcall.Caller.testInterface()にて使用されています。  該当箇所 Caller.java:[line 190]
優 C UPU: 公開されていないAPI[nablarch.test.tool.findbugs.data.methodcall.interfaze.unpublished.pack.UnpublishedPackInterfaze.methodA()]がnablarch.test.tool.findbugs.data.methodcall.Caller.testInterface()にて使用されています。  該当箇所 Caller.java:[line 191]
優 C UPU: 公開されていないAPI[nablarch.test.tool.findbugs.data.methodcall.Caller$1.1(nablarch.test.tool.findbugs.data.methodcall.Caller)]がnablarch.test.tool.findbugs.data.methodcall.Caller.testInterface()にて使用されています。  該当箇所 Caller.java:[line 194]
優 C UPU: 公開されていないAPI[nablarch.test.tool.findbugs.data.methodcall.interfaze.method.InterfazeMethod.unpublishedInterfaceMethod()]がnablarch.test.tool.findbugs.data.methodcall.Caller.testInterface()にて使用されています。  該当箇所 Caller.java:[line 203]
優 C UPU: 公開されていないAPI[nablarch.test.tool.findbugs.data.publishedapi.settings.data.java.interfaze.SubInterface.subUnpublishedInterfaceMethod()]がnablarch.test.tool.findbugs.data.methodcall.Caller.testInterface()にて使用されています。  該当箇所 Caller.java:[line 207]
優 C UPU: 公開されていないAPI[nablarch.test.tool.findbugs.data.publishedapi.settings.data.java.interfaze.SubInterface.superUnpublishedMethod()]がnablarch.test.tool.findbugs.data.methodcall.Caller.testInterface()にて使用されています。  該当箇所 Caller.java:[line 209]
