優 C UPU: 公開されていないAPI[nablarch.test.tool.findbugs.data.methodcall.inherit.method.ClassB.ClassB()]がnew nablarch.test.tool.findbugs.data.methodcall.inherit.method.ClassC()にて使用されています。  該当箇所 ClassC.java:[line 3]
優 C UPU: 公開されていないAPI[nablarch.test.tool.findbugs.data.methodcall.inherit.method.ClassC.publishedUnpublishedOverriddenMethod()]がnablarch.test.tool.findbugs.data.methodcall.inherit.method.ClassC.methodC()にて使用されています。  該当箇所 ClassC.java:[line 9]
優 C UPU: 公開されていないAPI[nablarch.test.tool.findbugs.data.methodcall.inherit.method.ClassC.unpublishedUnpublishedOverriddenMethod()]がnablarch.test.tool.findbugs.data.methodcall.inherit.method.ClassC.methodC()にて使用されています。  該当箇所 ClassC.java:[line 11]
優 C UPU: 公開されていないAPI[nablarch.test.tool.findbugs.data.methodcall.inherit.method.ClassC.unpublishedMethodA()]がnablarch.test.tool.findbugs.data.methodcall.inherit.method.ClassC.methodC()にて使用されています。  該当箇所 ClassC.java:[line 15]
