優 C UPU: 公開されていないAPI[nablarch.test.tool.findbugs.data.setting.method.method.or.constructor.MethodOrConstructor.MethodOrConstructor(java.lang.String)]がnablarch.test.tool.findbugs.data.settings.Caller.testForMethodOrConstructorSetting()にて使用されています。  該当箇所 Caller.java:[line 32]
優 C UPU: 公開されていないAPI[nablarch.test.tool.findbugs.data.setting.method.method.or.constructor.MethodOrConstructor.unpubliceMethod()]がnablarch.test.tool.findbugs.data.settings.Caller.testForMethodOrConstructorSetting()にて使用されています。  該当箇所 Caller.java:[line 36]
優 C UPU: 公開されていないAPI[nablarch.test.tool.findbugs.data.setting.method.method.or.constructor.MethodOrConstructor.unpubliceMethod(java.lang.String)]がnablarch.test.tool.findbugs.data.settings.Caller.testForMethodOrConstructorSetting()にて使用されています。  該当箇所 Caller.java:[line 37]
優 C UPU: 公開されていないAPI[java.io.PrintStream.println(java.lang.Object)]がnablarch.test.tool.findbugs.data.settings.Caller.testForMethodOrConstructorSetting()にて使用されています。  該当箇所 Caller.java:[line 40]
優 C UPU: 公開されていないAPI[nablarch.test.tool.findbugs.data.setting.method.unpublishedpackage.UnpublishedPackage.UnpublishedPackage()]がnablarch.test.tool.findbugs.data.settings.Caller.testForPackageSettings()にて使用されています。  該当箇所 Caller.java:[line 55]
優 C UPU: 公開されていないAPI[nablarch.test.tool.findbugs.data.setting.method.unpublishedpackage.UnpublishedPackage.unpublishedPackageTest()]がnablarch.test.tool.findbugs.data.settings.Caller.testForPackageSettings()にて使用されています。  該当箇所 Caller.java:[line 56]
優 C UPU: 公開されていないAPI[nablarch.test.tool.findbugs.data.setting.method.unpublishedpackage.UnpublishedPackage.unpublishedPackagaTest2()]がnablarch.test.tool.findbugs.data.settings.Caller.testForPackageSettings()にて使用されています。  該当箇所 Caller.java:[line 57]
優 C UPU: 公開されていないAPI[nablarch.test.tool.findbugs.data.setting.method.unpublishedpackage.sub.SubUnpublishedPackage.SubUnpublishedPackage()]がnablarch.test.tool.findbugs.data.settings.Caller.testForPackageSettings()にて使用されています。  該当箇所 Caller.java:[line 59]
優 C UPU: 公開されていないAPI[nablarch.test.tool.findbugs.data.setting.method.unpublishedpackage.sub.SubUnpublishedPackage.unpublished()]がnablarch.test.tool.findbugs.data.settings.Caller.testForPackageSettings()にて使用されています。  該当箇所 Caller.java:[line 60]
優 C UPU: 公開されていないAPI[nablarch.test.tool.findbugs.data.setting.method.clazz.UnpublishedClass.UnpublishedClass()]がnablarch.test.tool.findbugs.data.settings.Caller.testForClassSetting()にて使用されています。  該当箇所 Caller.java:[line 68]
優 C UPU: 公開されていないAPI[nablarch.test.tool.findbugs.data.setting.method.clazz.UnpublishedClass.unpublishedClassTest()]がnablarch.test.tool.findbugs.data.settings.Caller.testForClassSetting()にて使用されています。  該当箇所 Caller.java:[line 69]
優 C UPU: 公開されていないAPI[nablarch.test.tool.findbugs.data.setting.method.clazz.TestClassForInnerClass$InnerClassUnpublished.InnerClassUnpublished()]がnablarch.test.tool.findbugs.data.settings.Caller.testForClassSetting()にて使用されています。  該当箇所 Caller.java:[line 73]
優 C UPU: 公開されていないAPI[nablarch.test.tool.findbugs.data.setting.method.clazz.TestClassForInnerClass$InnerClassUnpublished.innerClassUnpublished()]がnablarch.test.tool.findbugs.data.settings.Caller.testForClassSetting()にて使用されています。  該当箇所 Caller.java:[line 74]
優 C UPU: 公開されていないAPI[nablarch.test.tool.findbugs.data.setting.method.clazz.abztract.SubClassOfUnpublishedAbstractClass.SubClassOfUnpublishedAbstractClass()]がnablarch.test.tool.findbugs.data.settings.Caller.testForClassSetting()にて使用されています。  該当箇所 Caller.java:[line 78]
優 C UPU: 公開されていないAPI[nablarch.test.tool.findbugs.data.setting.method.clazz.abztract.UnpublishedAbstractClass.unpublishedAbstract()]がnablarch.test.tool.findbugs.data.settings.Caller.testForClassSetting()にて使用されています。  該当箇所 Caller.java:[line 79]
優 C UPU: 公開されていないAPI[nablarch.test.tool.findbugs.data.setting.method.clazz.interfaze.UnpublishedInterfaceImpl.UnpublishedInterfaceImpl()]がnablarch.test.tool.findbugs.data.settings.Caller.testForClassSetting()にて使用されています。  該当箇所 Caller.java:[line 83]
優 C UPU: 公開されていないAPI[nablarch.test.tool.findbugs.data.setting.method.clazz.interfaze.UnpublishedInterface.unpublishedInterface()]がnablarch.test.tool.findbugs.data.settings.Caller.testForClassSetting()にて使用されています。  該当箇所 Caller.java:[line 84]
